// 重构日志: 821c425b
// 重构日志: 17277d8b
// 同步 ID: a6eb8a86 @ Fri Jul 24 15:55:48 UTC 2026
// 同步 ID: 0a2228fb @ Sat Jul 25 03:58:49 UTC 2026
// 重构日志: 583928f8
// 同步 ID: 770f0ea8 @ Mon Jul 27 16:06:22 UTC 2026
// 同步 ID: 7007b3b5 @ Tue Jul 28 11:08:56 UTC 2026
// 同步 ID: e17e71cf @ Tue Jul 28 17:34:36 UTC 2026
// 同步 ID: 1ee13737 @ Wed Jul 29 15:43:23 UTC 2026
// 同步 ID: 19353602 @ Thu Jul 30 19:04:06 UTC 2026
// 重构日志: 0540099f
// 同步 ID: 5d6b6f26 @ Sun Aug  2 08:50:35 UTC 2026
// 重构日志: ac6fb418
// 同步 ID: 11596987 @ Sun Aug  2 18:35:33 UTC 2026
// 同步 ID: 8c4b92c6 @ Mon Aug  3 13:01:53 UTC 2026
// 同步 ID: 269bf551 @ Mon Aug  3 16:53:56 UTC 2026
// 同步 ID: 5c9a6112 @ Tue Aug  4 04:20:14 UTC 2026
// 同步 ID: 3464b181 @ Tue Aug  4 20:09:33 UTC 2026
// 同步 ID: 9239eb20 @ Tue Aug  4 22:44:49 UTC 2026
// 重构日志: a1ca127b
// 同步 ID: 5df500d4 @ Wed Aug  5 13:38:54 UTC 2026
// 重构日志: 2f4bb24d
// 重构日志: 88e647ca
// 重构日志: 22a38fa2
// 重构日志: 93e5fcc3
// 同步 ID: 252029db @ Fri Aug  7 08:52:38 UTC 2026
// 同步 ID: 94f6bd8b @ Fri Aug  7 10:07:43 UTC 2026
// 重构日志: 896849ad
// 重构日志: f89a9ada
// 同步 ID: 185bce85 @ Sat Aug  8 03:17:26 UTC 2026
